// Jest Snapshot v1, https://goo.gl/fbAQLP

exports[`should successfully render the component and match screenshot 1`] = `
<Fragment>
  <div
    id="RTM-ControlBarContainer"
  >
    <div
      id="Slider-Container"
    >
      <div
        className="pmd-range-slider"
        id="RTM-TimeSlider"
      />
    </div>
    <div
      id="RTM-ControlsContainer"
    >
      <div
        id="timeControls"
      >
        <PlayPauseButtonComponent />
        <SpeedControlComponent />
      </div>
      <div
        className="inputControls "
      >
        <label>
           Date: 
        </label>
        <input
          className="timeInputBox mdc-button"
          id="dateInputBox"
          step="1"
          type="date"
        />
      </div>
      <div
        className="inputControls "
      >
        <label>
           Start Time: 
        </label>
        <input
          className="timeInputBox mdc-button"
          id="timeRangeStart"
          step="1"
          type="time"
        />
      </div>
      <div
        className="inputControls "
      >
        <label>
           Current Time: 
        </label>
        <input
          className="timeInputBox mdc-button"
          id="currentTimeInput"
          step="1"
          type="time"
        />
      </div>
      <LiveButtonComponent />
    </div>
  </div>
</Fragment>
`;
